-------------------------------------------------------------------------------------------------------------------------------------------
      name:  <unnamed>
       log:  /Users/sokbaelee/Dropbox/Persuasion/JPE/Replication Files/scripts/logs/2022.11.11-08.20.30.log.txt
  log type:  text
 opened on:  11 Nov 2022, 08:20:30

. 
. di "Begin date and time: $S_DATE $S_TIME"
Begin date and time: 11 Nov 2022 08:20:30

. di "Stata version: `c(stata_version)'"
Stata version: 17

. di "Updated as of: `c(born_date)'"
Updated as of: 23 Aug 2022

. di "Variant:       `=cond( c(MP),"MP",cond(c(SE),"SE",c(flavor)) )'"
Variant:       MP

. di "Processors:    `c(processors)'"
Processors:    4

. di "OS:            `c(os)' `c(osdtl)'"
OS:            MacOSX 12.5.1

. di "Machine type:  `c(machine_type)'"
Machine type:  Mac (Apple Silicon)

. 
. * Stata version control
. version 16

. 
. * Create directories for output files
. cap mkdir "$Persuasion/results"

. 
. **********************
. * Run analysis
. **********************
. * TABLE 1. Persuasion Rates: Papers on Voter Turnout
. *do "$Persuasion/scripts/table1.do"
. 
. * Effects of Uncensored Media: Revisiting Chen and Yang (2019)
. *   To generate the dataset "ChenYang2019.dta", it is necessary to run CY19_data.do 
. *   after downloading the original dataset from 
. *   the AER webpage at https://www.aeaweb.org/articles?id=10.1257/aer.20171765
. *   and storing them at "$Persuasion/data/ChenYang2019".
. *   As the dataset is already created and stored at "$Persuasion/data/ChenYang2019", 
. *   the do file is commented below.
. *do "$Persuasion/scripts/CY19_data.do"
. *   TABLE 2. Persuasion Rates of Exposure to Uncensored Internet
. *do "$Persuasion/scripts/table2.do"
. 
. * Effects of Political News: Revisting Gerber, Karlan, and Bergan (2009) 
. *   TABLE 3. Summary Statistics of the GKB Data
. *do "$Persuasion/scripts/table3.do"
. *   TABLE 4. Estimates of the Key Parameters
. *do "$Persuasion/scripts/table4.do"
. 
. *       TABLE D1. Persuasion Rates: Fox News Effects
. *do "$Persuasion/scripts/tableD1.do"
. 
. *       FIGURE D1. Estimates of Marginal and Average Persuasion Rates
. do "$Persuasion/scripts/figureD1.do"

. ************
. * SCRIPT:   figureD1.do
. * PURPOSE:  Creates Figure D1
. *
. * ACKNOWLEDGMENT
. *       The orginal dataset "NTV_Individual_Data.dta" is from Enikolopov, Petrova, and Zhuravskaya (AER, 2011).
. ************
. 
. use "$Persuasion/data/EnikolopovPetrovaZhuravskaya2011/NTV_Individual_Data.dta", clear

. 
. local basic = "logpop98 wage98_ln"

. local sociodem = "male age educ1 married consump"

. 
. local party_list = "Unity OVR"

. 
. *** create outcome variables based on directional treatment ***
. 
. gen y_vote_Unity = 0

. replace y_vote_Unity = 1 if vote_Unity == 0   
(993 real changes made)

. 
. gen y_vote_OVR = 0

. replace y_vote_OVR = 1 if vote_OVR == 1   
(166 real changes made)

. 
. *** predict the exposure rate, that is, e(X,Z) = P(T=1|X,Z) ***
. *** specification: linear in Z and X ***
. 
. probit  Watches_NTV_1999 tvmaxtveloss5050powerA `sociodem' `basic' [pweight=kishweig]

Iteration 0:   log pseudolikelihood = -809.06705  
Iteration 1:   log pseudolikelihood = -741.86673  
Iteration 2:   log pseudolikelihood =  -741.6003  
Iteration 3:   log pseudolikelihood = -741.60028  

Probit regression                                       Number of obs =  1,185
                                                        Wald chi2(8)  = 105.94
                                                        Prob > chi2   = 0.0000
Log pseudolikelihood = -741.60028                       Pseudo R2     = 0.0834

----------------------------------------------------------------------------------------
                       |               Robust
      Watches_NTV_1999 | Coefficient  std. err.      z    P>|z|     [95% conf. interval]
-----------------------+----------------------------------------------------------------
tvmaxtveloss5050powerA |   .0068679   .0011649     5.90   0.000     .0045848    .0091511
                  male |   .2299747   .0893844     2.57   0.010     .0547845    .4051648
                   age |  -.0063456   .0029081    -2.18   0.029    -.0120454   -.0006458
                 educ1 |   .2459444   .1188836     2.07   0.039     .0129369    .4789519
               married |   .0520022   .0908934     0.57   0.567    -.1261455    .2301499
               consump |   .0711412   .0341425     2.08   0.037     .0042231    .1380594
              logpop98 |  -.2162026    .045017    -4.80   0.000    -.3044343    -.127971
             wage98_ln |   .4838216   .1418335     3.41   0.001     .2058331    .7618101
                 _cons |  -2.154867   .9164043    -2.35   0.019    -3.950986   -.3587474
----------------------------------------------------------------------------------------

. predict phat
(option pr assumed; Pr(Watches_NTV_1999))
(4,658 missing values generated)

. 
. ***
. 
. foreach party in `party_list' {
  2. 
.         * generate Y*(1-T)
.     gen notwatch_vote_`party' = 0
  3.         replace notwatch_vote_`party' = 1 if y_vote_`party' == 1 & Watches_NTV_1999==0
  4.         
.         * linear probability model of Y given X and e(X,Z)
.         * specification: linear in X and cubic in e(X,Z), while interacting some of X and e(X,Z)
.         reg y_vote_`party' `sociodem' `basic' ///
>                         c.phat c.phat#c.phat c.phat#c.phat#c.phat ///
>                         c.phat#i.male c.phat#i.educ1 c.phat#i.married c.phat#c.consump ///
>                         [pweight=kishweig]
  5.         
.         margins [pweight=kishweig], dydx(phat) at(phat = (0.1(0.1)0.9))
  6.         
.         matrix num = r(b)
  7.                         
.         * linear probability model of Y*(1-T) given X and e(X,Z)
.         * specification: linear in X and cubic in e(X,Z), while interacting some of X and e(X,Z)
.         reg notwatch_vote_`party' `sociodem' `basic' ///
>                         c.phat c.phat#c.phat c.phat#c.phat#c.phat ///
>                         c.phat#i.male c.phat#i.educ1 c.phat#i.married c.phat#c.consump ///
>                         [pweight=kishweig]
  8.         
.         margins [pweight=kishweig], dydx(phat) at(phat = (0.1(0.1)0.9))
  9.         
.         matrix den = 1+r(b)
 10.         
.         matrix mte = num/den
 11.         
.         matrix display mte
 12. 
. }
(313 real changes made)
(sum of wgt is 1,312.04910933971)

Linear regression                               Number of obs     =      1,300
                                                F(14, 1285)       =       4.53
                                                Prob > F          =     0.0000
                                                R-squared         =     0.0509
                                                Root MSE          =     .48808

--------------------------------------------------------------------------------------
                     |               Robust
        y_vote_Unity | Coefficient  std. err.      t    P>|t|     [95% conf. interval]
---------------------+----------------------------------------------------------------
                male |    .149304   .1406904     1.06   0.289     -.126704    .4253121
                 age |   .0073425   .0010419     7.05   0.000     .0052985    .0093865
               educ1 |   .0443527   .1556497     0.28   0.776    -.2610027    .3497081
             married |   .0427503   .1282357     0.33   0.739    -.2088239    .2943246
             consump |  -.0541524   .0546605    -0.99   0.322     -.161386    .0530811
            logpop98 |   .0081303    .016012     0.51   0.612    -.0232822    .0395428
           wage98_ln |  -.1886321   .0685954    -2.75   0.006    -.3232034   -.0540608
                phat |   .6800317   2.321901     0.29   0.770    -3.875101    5.235164
                     |
       c.phat#c.phat |  -1.318131   4.231595    -0.31   0.755    -9.619724    6.983461
                     |
c.phat#c.phat#c.phat |   1.301617       2.42     0.54   0.591    -3.445968    6.049202
                     |
         male#c.phat |
                  1  |   -.287105   .2184207    -1.31   0.189    -.7156052    .1413953
                     |
        educ1#c.phat |
                  1  |   .0188019   .2889296     0.07   0.948    -.5480236    .5856274
                     |
      married#c.phat |
                  1  |  -.0203555   .2087832    -0.10   0.922     -.429949    .3892379
                     |
    c.phat#c.consump |   .0685173   .0795194     0.86   0.389    -.0874848    .2245193
                     |
               _cons |   1.280797   .4929976     2.60   0.009     .3136284    2.247965
--------------------------------------------------------------------------------------

Average marginal effects                                 Number of obs = 1,300
Model VCE: Robust

Expression: Linear prediction, predict()
dy/dx wrt:  phat
1._at: phat = .1
2._at: phat = .2
3._at: phat = .3
4._at: phat = .4
5._at: phat = .5
6._at: phat = .6
7._at: phat = .7
8._at: phat = .8
9._at: phat = .9

------------------------------------------------------------------------------
             |            Delta-method
             |      dy/dx   std. err.      t    P>|t|     [95% conf. interval]
-------------+----------------------------------------------------------------
phat         |
         _at |
          1  |   .4509342    1.64408     0.27   0.784    -2.774441     3.67631
          2  |   .3044534   1.033017     0.29   0.768    -1.722132    2.331039
          3  |   .2360697    .575888     0.41   0.682    -.8937143    1.365854
          4  |   .2457831   .2917689     0.84   0.400    -.3266127    .8181788
          5  |   .3335934    .206473     1.62   0.106    -.0714677    .7386545
          6  |   .4995008   .2138031     2.34   0.020     .0800594    .9189423
          7  |   .7435052   .2498564     2.98   0.003      .253334    1.233676
          8  |   1.065607    .432823     2.46   0.014     .2164894    1.914724
          9  |   1.465805   .8009293     1.83   0.067    -.1054676    3.037078
------------------------------------------------------------------------------
(sum of wgt is 1,312.04910933971)

Linear regression                               Number of obs     =      1,300
                                                F(14, 1285)       =       9.28
                                                Prob > F          =     0.0000
                                                R-squared         =     0.0922
                                                Root MSE          =     .37666

--------------------------------------------------------------------------------------
                     |               Robust
 notwatch_vote_Unity | Coefficient  std. err.      t    P>|t|     [95% conf. interval]
---------------------+----------------------------------------------------------------
                male |   .3056864   .1209524     2.53   0.012     .0684005    .5429722
                 age |   .0032591   .0008506     3.83   0.000     .0015904    .0049278
               educ1 |  -.0329437   .1319648    -0.25   0.803    -.2918337    .2259463
             married |    .163816   .1046146     1.57   0.118    -.0414182    .3690502
             consump |    .000419   .0414467     0.01   0.992    -.0808917    .0817297
            logpop98 |  -.0067512    .012688    -0.53   0.595    -.0316426    .0181402
           wage98_ln |  -.0976989   .0544986    -1.79   0.073    -.2046149    .0092171
                phat |  -2.696184   2.012607    -1.34   0.181     -6.64454    1.252171
                     |
       c.phat#c.phat |   3.460552   3.460994     1.00   0.318    -3.329268    10.25037
                     |
c.phat#c.phat#c.phat |  -1.321043   1.901042    -0.69   0.487     -5.05053    2.408444
                     |
         male#c.phat |
                  1  |   -.453252   .1750913    -2.59   0.010    -.7967481   -.1097559
                     |
        educ1#c.phat |
                  1  |   .1111953   .2186491     0.51   0.611    -.3177531    .5401437
                     |
      married#c.phat |
                  1  |  -.2546726   .1562767    -1.63   0.103    -.5612581    .0519129
                     |
    c.phat#c.consump |  -.0111895   .0557094    -0.20   0.841    -.1204809    .0981019
                     |
               _cons |   1.392139   .4268083     3.26   0.001     .5548214    2.229457
--------------------------------------------------------------------------------------

Average marginal effects                                 Number of obs = 1,300
Model VCE: Robust

Expression: Linear prediction, predict()
dy/dx wrt:  phat
1._at: phat = .1
2._at: phat = .2
3._at: phat = .3
4._at: phat = .4
5._at: phat = .5
6._at: phat = .6
7._at: phat = .7
8._at: phat = .8
9._at: phat = .9

------------------------------------------------------------------------------
             |            Delta-method
             |      dy/dx   std. err.      t    P>|t|     [95% conf. interval]
-------------+----------------------------------------------------------------
phat         |
         _at |
          1  |  -2.313647   1.440219    -1.61   0.108    -5.139086    .5117926
          2  |   -1.74043    .932353    -1.87   0.062    -3.569531    .0886711
          3  |  -1.246476   .5429836    -2.30   0.022    -2.311708   -.1812444
          4  |  -.8317847   .2810945    -2.96   0.003    -1.383239   -.2803302
          5  |  -.4963559   .1674136    -2.96   0.003    -.8247899   -.1679219
          6  |  -.2401897   .1616449    -1.49   0.138    -.5573065    .0769272
          7  |  -.0632861   .1887832    -0.34   0.738    -.4336433    .3070711
          8  |   .0343549   .3113499     0.11   0.912     -.576455    .6451649
          9  |   .0527334   .5731237     0.09   0.927    -1.071627    1.177094
------------------------------------------------------------------------------
conformability error
r(503);

end of do-file
r(503);

end of do-file

r(503);

. do "/Users/sokbaelee/Dropbox/Persuasion/JPE/Replication Files/scripts/figureD1.do"

. ************
. * SCRIPT:   figureD1.do
. * PURPOSE:  Creates Figure D1
. *
. * ACKNOWLEDGMENT
. *       The orginal dataset "NTV_Individual_Data.dta" is from Enikolopov, Petrova, and Zhuravskaya (AER, 2011).
. ************
. 
. use "$Persuasion/data/EnikolopovPetrovaZhuravskaya2011/NTV_Individual_Data.dta", clear

. 
. local basic = "logpop98 wage98_ln"

. local sociodem = "male age educ1 married consump"

. 
. local party_list = "Unity OVR"

. 
. *** create outcome variables based on directional treatment ***
. 
. gen y_vote_Unity = 0

. replace y_vote_Unity = 1 if vote_Unity == 0   
(993 real changes made)

. 
. gen y_vote_OVR = 0

. replace y_vote_OVR = 1 if vote_OVR == 1   
(166 real changes made)

. 
. *** predict the exposure rate, that is, e(X,Z) = P(T=1|X,Z) ***
. *** specification: linear in Z and X ***
. 
. probit  Watches_NTV_1999 tvmaxtveloss5050powerA `sociodem' `basic' [pweight=kishweig]

Iteration 0:   log pseudolikelihood = -809.06705  
Iteration 1:   log pseudolikelihood = -741.86673  
Iteration 2:   log pseudolikelihood =  -741.6003  
Iteration 3:   log pseudolikelihood = -741.60028  

Probit regression                                       Number of obs =  1,185
                                                        Wald chi2(8)  = 105.94
                                                        Prob > chi2   = 0.0000
Log pseudolikelihood = -741.60028                       Pseudo R2     = 0.0834

----------------------------------------------------------------------------------------
                       |               Robust
      Watches_NTV_1999 | Coefficient  std. err.      z    P>|z|     [95% conf. interval]
-----------------------+----------------------------------------------------------------
tvmaxtveloss5050powerA |   .0068679   .0011649     5.90   0.000     .0045848    .0091511
                  male |   .2299747   .0893844     2.57   0.010     .0547845    .4051648
                   age |  -.0063456   .0029081    -2.18   0.029    -.0120454   -.0006458
                 educ1 |   .2459444   .1188836     2.07   0.039     .0129369    .4789519
               married |   .0520022   .0908934     0.57   0.567    -.1261455    .2301499
               consump |   .0711412   .0341425     2.08   0.037     .0042231    .1380594
              logpop98 |  -.2162026    .045017    -4.80   0.000    -.3044343    -.127971
             wage98_ln |   .4838216   .1418335     3.41   0.001     .2058331    .7618101
                 _cons |  -2.154867   .9164043    -2.35   0.019    -3.950986   -.3587474
----------------------------------------------------------------------------------------

. predict phat
(option pr assumed; Pr(Watches_NTV_1999))
(4,658 missing values generated)

. 
. ***
. 
. foreach party in `party_list' {
  2. 
.         * generate Y*(1-T)
.     gen notwatch_vote_`party' = 0
  3.         replace notwatch_vote_`party' = 1 if y_vote_`party' == 1 & Watches_NTV_1999==0
  4.         
.         * linear probability model of Y given X and e(X,Z)
.         * specification: linear in X and cubic in e(X,Z), while interacting some of X and e(X,Z)
.         reg y_vote_`party' `sociodem' `basic' ///
>                         c.phat c.phat#c.phat c.phat#c.phat#c.phat ///
>                         c.phat#i.male c.phat#i.educ1 c.phat#i.married c.phat#c.consump ///
>                         [pweight=kishweig]
  5.         
.         margins [pweight=kishweig], dydx(phat) at(phat = (0.1(0.1)0.9))
  6.         
.         matrix num = r(b)
  7.                         
.         * linear probability model of Y*(1-T) given X and e(X,Z)
.         * specification: linear in X and cubic in e(X,Z), while interacting some of X and e(X,Z)
.         reg notwatch_vote_`party' `sociodem' `basic' ///
>                         c.phat c.phat#c.phat c.phat#c.phat#c.phat ///
>                         c.phat#i.male c.phat#i.educ1 c.phat#i.married c.phat#c.consump ///
>                         [pweight=kishweig]
  8.         
.         margins [pweight=kishweig], dydx(phat) at(phat = (0.1(0.1)0.9))
  9.         
.         matrix den = r(b)
 10.         
.         matrix mte = num/(1+den)
 11.         
.         matrix display mte
 12. 
. }
(313 real changes made)
(sum of wgt is 1,312.04910933971)

Linear regression                               Number of obs     =      1,300
                                                F(14, 1285)       =       4.53
                                                Prob > F          =     0.0000
                                                R-squared         =     0.0509
                                                Root MSE          =     .48808

--------------------------------------------------------------------------------------
                     |               Robust
        y_vote_Unity | Coefficient  std. err.      t    P>|t|     [95% conf. interval]
---------------------+----------------------------------------------------------------
                male |    .149304   .1406904     1.06   0.289     -.126704    .4253121
                 age |   .0073425   .0010419     7.05   0.000     .0052985    .0093865
               educ1 |   .0443527   .1556497     0.28   0.776    -.2610027    .3497081
             married |   .0427503   .1282357     0.33   0.739    -.2088239    .2943246
             consump |  -.0541524   .0546605    -0.99   0.322     -.161386    .0530811
            logpop98 |   .0081303    .016012     0.51   0.612    -.0232822    .0395428
           wage98_ln |  -.1886321   .0685954    -2.75   0.006    -.3232034   -.0540608
                phat |   .6800317   2.321901     0.29   0.770    -3.875101    5.235164
                     |
       c.phat#c.phat |  -1.318131   4.231595    -0.31   0.755    -9.619724    6.983461
                     |
c.phat#c.phat#c.phat |   1.301617       2.42     0.54   0.591    -3.445968    6.049202
                     |
         male#c.phat |
                  1  |   -.287105   .2184207    -1.31   0.189    -.7156052    .1413953
                     |
        educ1#c.phat |
                  1  |   .0188019   .2889296     0.07   0.948    -.5480236    .5856274
                     |
      married#c.phat |
                  1  |  -.0203555   .2087832    -0.10   0.922     -.429949    .3892379
                     |
    c.phat#c.consump |   .0685173   .0795194     0.86   0.389    -.0874848    .2245193
                     |
               _cons |   1.280797   .4929976     2.60   0.009     .3136284    2.247965
--------------------------------------------------------------------------------------

Average marginal effects                                 Number of obs = 1,300
Model VCE: Robust

Expression: Linear prediction, predict()
dy/dx wrt:  phat
1._at: phat = .1
2._at: phat = .2
3._at: phat = .3
4._at: phat = .4
5._at: phat = .5
6._at: phat = .6
7._at: phat = .7
8._at: phat = .8
9._at: phat = .9

------------------------------------------------------------------------------
             |            Delta-method
             |      dy/dx   std. err.      t    P>|t|     [95% conf. interval]
-------------+----------------------------------------------------------------
phat         |
         _at |
          1  |   .4509342    1.64408     0.27   0.784    -2.774441     3.67631
          2  |   .3044534   1.033017     0.29   0.768    -1.722132    2.331039
          3  |   .2360697    .575888     0.41   0.682    -.8937143    1.365854
          4  |   .2457831   .2917689     0.84   0.400    -.3266127    .8181788
          5  |   .3335934    .206473     1.62   0.106    -.0714677    .7386545
          6  |   .4995008   .2138031     2.34   0.020     .0800594    .9189423
          7  |   .7435052   .2498564     2.98   0.003      .253334    1.233676
          8  |   1.065607    .432823     2.46   0.014     .2164894    1.914724
          9  |   1.465805   .8009293     1.83   0.067    -.1054676    3.037078
------------------------------------------------------------------------------
(sum of wgt is 1,312.04910933971)

Linear regression                               Number of obs     =      1,300
                                                F(14, 1285)       =       9.28
                                                Prob > F          =     0.0000
                                                R-squared         =     0.0922
                                                Root MSE          =     .37666

--------------------------------------------------------------------------------------
                     |               Robust
 notwatch_vote_Unity | Coefficient  std. err.      t    P>|t|     [95% conf. interval]
---------------------+----------------------------------------------------------------
                male |   .3056864   .1209524     2.53   0.012     .0684005    .5429722
                 age |   .0032591   .0008506     3.83   0.000     .0015904    .0049278
               educ1 |  -.0329437   .1319648    -0.25   0.803    -.2918337    .2259463
             married |    .163816   .1046146     1.57   0.118    -.0414182    .3690502
             consump |    .000419   .0414467     0.01   0.992    -.0808917    .0817297
            logpop98 |  -.0067512    .012688    -0.53   0.595    -.0316426    .0181402
           wage98_ln |  -.0976989   .0544986    -1.79   0.073    -.2046149    .0092171
                phat |  -2.696184   2.012607    -1.34   0.181     -6.64454    1.252171
                     |
       c.phat#c.phat |   3.460552   3.460994     1.00   0.318    -3.329268    10.25037
                     |
c.phat#c.phat#c.phat |  -1.321043   1.901042    -0.69   0.487     -5.05053    2.408444
                     |
         male#c.phat |
                  1  |   -.453252   .1750913    -2.59   0.010    -.7967481   -.1097559
                     |
        educ1#c.phat |
                  1  |   .1111953   .2186491     0.51   0.611    -.3177531    .5401437
                     |
      married#c.phat |
                  1  |  -.2546726   .1562767    -1.63   0.103    -.5612581    .0519129
                     |
    c.phat#c.consump |  -.0111895   .0557094    -0.20   0.841    -.1204809    .0981019
                     |
               _cons |   1.392139   .4268083     3.26   0.001     .5548214    2.229457
--------------------------------------------------------------------------------------

Average marginal effects                                 Number of obs = 1,300
Model VCE: Robust

Expression: Linear prediction, predict()
dy/dx wrt:  phat
1._at: phat = .1
2._at: phat = .2
3._at: phat = .3
4._at: phat = .4
5._at: phat = .5
6._at: phat = .6
7._at: phat = .7
8._at: phat = .8
9._at: phat = .9

------------------------------------------------------------------------------
             |            Delta-method
             |      dy/dx   std. err.      t    P>|t|     [95% conf. interval]
-------------+----------------------------------------------------------------
phat         |
         _at |
          1  |  -2.313647   1.440219    -1.61   0.108    -5.139086    .5117926
          2  |   -1.74043    .932353    -1.87   0.062    -3.569531    .0886711
          3  |  -1.246476   .5429836    -2.30   0.022    -2.311708   -.1812444
          4  |  -.8317847   .2810945    -2.96   0.003    -1.383239   -.2803302
          5  |  -.4963559   .1674136    -2.96   0.003    -.8247899   -.1679219
          6  |  -.2401897   .1616449    -1.49   0.138    -.5573065    .0769272
          7  |  -.0632861   .1887832    -0.34   0.738    -.4336433    .3070711
          8  |   .0343549   .3113499     0.11   0.912     -.576455    .6451649
          9  |   .0527334   .5731237     0.09   0.927    -1.071627    1.177094
------------------------------------------------------------------------------
type mismatch
r(109);

end of do-file

r(109);

. do "/Users/sokbaelee/Dropbox/Persuasion/JPE/Replication Files/run.do"

. **********************
. * OVERVIEW
. *   This script generates selected tables for the paper:
. *       "IDENTIFYING THE EFFECT OF PERSUASION" (Sung Jae Jun and Sokbae Lee)
. *   All data are stored in /data
. *   All tables are outputted to /results
. * 
. * SOFTWARE REQUIREMENTS
. *   Stata version 17 or newer
. *
. * PACKAGE REQUIREMENTS
. *   persuasio (can be installed by ssc install persuasio, replace)
. *   outreg (can be installed by ssc install outreg, replace)
. *
. * TO PERFORM A CLEAN RUN, DELETE THE FOLLOWING FOLDER:
. *   $Persuasion/results
. *
. * ACKNOWLEDGMENT
. *       The structure of the replication files is forked from 
. *   Illinois Workplace Wellness Study: Public Use Data Repository
. *   at https://github.com/reifjulian/illinois-wellness-data
. **********************
. 
. **********************
. * Parameters defined by user
. **********************
. 
. * "Persuasion" points to the root directory, which contains the subfolders "data" and "scripts"
. global Persuasion "/Users/sokbaelee/Dropbox/Persuasion/JPE/Replication Files"

. 
. * Number of bootstraps for Table 2
. * The published paper used nbt = 10000. Runtime is approximately 3 hours on an iMac (M1, 2021).
. * Use nbt = 10 to check whether replication code runs without an error. 
. global nbt = 10000

. 
. * set seed for replicability 
. set seed 987975 

. 
. **********************
. **********************
. 
. * Confirm that the global for the root directory has been defined
. assert !missing("$Persuasion")

. 
. * Initialize log and record system parameters
. clear 

. set more off

. cap mkdir "$Persuasion/scripts/logs"

. cap log close
