-------------------------------------------------------------------------------------------------------------------------------------------
      name:  <unnamed>
       log:  /Users/sokbaelee/Dropbox/Persuasion/JPE/Replication Files/scripts/logs/2022.11.12-09.41.13.log.txt
  log type:  text
 opened on:  12 Nov 2022, 09:41:13

. 
. di "Begin date and time: $S_DATE $S_TIME"
Begin date and time: 12 Nov 2022 09:41:13

. di "Stata version: `c(stata_version)'"
Stata version: 17

. di "Updated as of: `c(born_date)'"
Updated as of: 23 Aug 2022

. di "Variant:       `=cond( c(MP),"MP",cond(c(SE),"SE",c(flavor)) )'"
Variant:       MP

. di "Processors:    `c(processors)'"
Processors:    4

. di "OS:            `c(os)' `c(osdtl)'"
OS:            MacOSX 12.5.1

. di "Machine type:  `c(machine_type)'"
Machine type:  Mac (Apple Silicon)

. 
. * Stata version control
. version 16

. 
. * Create directories for output files
. cap mkdir "$Persuasion/results"

. 
. **********************
. * Run analysis
. **********************
. * TABLE 1. Persuasion Rates: Papers on Voter Turnout
. *do "$Persuasion/scripts/table1.do"
. 
. * Effects of Uncensored Media: Revisiting Chen and Yang (2019)
. *   To generate the dataset "ChenYang2019.dta", it is necessary to run CY19_data.do 
. *   after downloading the original dataset from 
. *   the AER webpage at https://www.aeaweb.org/articles?id=10.1257/aer.20171765
. *   and storing them at "$Persuasion/data/ChenYang2019".
. *   As the dataset is already created and stored at "$Persuasion/data/ChenYang2019", 
. *   the do file is commented below.
. *do "$Persuasion/scripts/CY19_data.do"
. *   TABLE 2. Persuasion Rates of Exposure to Uncensored Internet
. *do "$Persuasion/scripts/table2.do"
. 
. * Effects of Political News: Revisting Gerber, Karlan, and Bergan (2009) 
. *   TABLE 3. Summary Statistics of the GKB Data
. *do "$Persuasion/scripts/table3.do"
. *   TABLE 4. Estimates of the Key Parameters
. *do "$Persuasion/scripts/table4.do"
. 
. *       TABLE D1. Persuasion Rates: Fox News Effects
. *do "$Persuasion/scripts/tableD1.do"
. 
. *       FIGURE D1. Estimates of Marginal and Average Persuasion Rates
. do "$Persuasion/scripts/figureD1.do"
file /Users/sokbaelee/Dropbox/Persuasion/JPE/Replication Files/scripts/figureD1.do not found
r(601);

end of do-file

r(601);

. do "/Users/sokbaelee/Dropbox/Persuasion/JPE/Replication Files/run.do"

. **********************
. * OVERVIEW
. *   This script generates selected tables for the paper:
. *       "IDENTIFYING THE EFFECT OF PERSUASION" (Sung Jae Jun and Sokbae Lee)
. *   All data are stored in /data
. *   All tables are outputted to /results
. * 
. * SOFTWARE REQUIREMENTS
. *   Stata version 17 or newer
. *
. * PACKAGE REQUIREMENTS
. *   persuasio (can be installed by ssc install persuasio, replace)
. *   outreg (can be installed by ssc install outreg, replace)
. *
. * TO PERFORM A CLEAN RUN, DELETE THE FOLLOWING FOLDER:
. *   $Persuasion/results
. *
. * ACKNOWLEDGMENT
. *       The structure of the replication files is forked from 
. *   Illinois Workplace Wellness Study: Public Use Data Repository
. *   at https://github.com/reifjulian/illinois-wellness-data
. **********************
. 
. **********************
. * Parameters defined by user
. **********************
. 
. * "Persuasion" points to the root directory, which contains the subfolders "data" and "scripts"
. global Persuasion "/Users/sokbaelee/Dropbox/Persuasion/JPE/Replication Files"

. 
. * Number of bootstraps for Table 2
. * The published paper used nbt = 10000. Runtime is approximately 3 hours on an iMac (M1, 2021).
. * Use nbt = 10 to check whether replication code runs without an error. 
. global nbt = 10000

. 
. * set seed for replicability 
. set seed 987975 

. 
. **********************
. **********************
. 
. * Confirm that the global for the root directory has been defined
. assert !missing("$Persuasion")

. 
. * Initialize log and record system parameters
. clear 

. set more off

. cap mkdir "$Persuasion/scripts/logs"

. cap log close
