----------------------------------------------------------------------------------
      name:  <unnamed>
       log:  /Users/sokbaelee/Dropbox/Persuasion/JPE/Replication Files/scripts/log
> s/2022.11.06-17.34.11.log.txt
  log type:  text
 opened on:   6 Nov 2022, 17:34:11

. 
. di "Begin date and time: $S_DATE $S_TIME"
Begin date and time:  6 Nov 2022 17:34:11

. di "Stata version: `c(stata_version)'"
Stata version: 16.1

. di "Updated as of: `c(born_date)'"
Updated as of: 30 Mar 2021

. di "Variant:       `=cond( c(MP),"MP",cond(c(SE),"SE",c(flavor)) )'"
Variant:       MP

. di "Processors:    `c(processors)'"
Processors:    4

. di "OS:            `c(os)' `c(osdtl)'"
OS:            MacOSX 12.4.0

. di "Machine type:  `c(machine_type)'"
Machine type:  Mac (Apple Silicon)

. 
. * Stata version control
. version 17
this is version 16.1 of Stata; it cannot run version 17.0 programs
     You can purchase the latest version of Stata by visiting 
     https://www.stata.com.
r(9);

end of do-file

r(9);

. do "/Users/sokbaelee/Dropbox/Persuasion/JPE/Replication Files/run.do"

. **********************
. * OVERVIEW
. *   This script generates selected tables for the paper:
. *       "IDENTIFYING THE EFFECT OF PERSUASION" (Sung Jae Jun and Sokbae Lee)
. *   All data are stored in /data
. *   All tables are outputted to /results
. * 
. * SOFTWARE REQUIREMENTS
. *   Stata version 17 or newer
. *
. * PACKAGE REQUIREMENTS
. *   persuasio (can be installed by ssc install persuasio, replace)
. *   outreg (can be installed by ssc install outreg, replace)
. *
. * TO PERFORM A CLEAN RUN, DELETE THE FOLLOWING FOLDER:
. *   $Persuasion/results
. *
. * ACKNOWLEDGMENT
. *       The structure of the replication files is forked from 
. *   Illinois Workplace Wellness Study: Public Use Data Repository
. *   at https://github.com/reifjulian/illinois-wellness-data
. **********************
. 
. **********************
. * Parameters defined by user
. **********************
. 
. * "Persuasion" points to the root directory, which contains the subfolders "data
> " and "scripts"
. global Persuasion "/Users/sokbaelee/Dropbox/Persuasion/JPE/Replication Files"

. 
. * Number of bootstraps for Table 2
. * The published paper used nbt = 10000. Runtime is approximately 3 hours on an i
> Mac (M1, 2021).
. * Use nbt = 10 to check whether replication code runs without an error. 
. global nbt = 10000

. 
. * set seed for replicability 
. set seed 987975 

. 
. **********************
. **********************
. 
. * Confirm that the global for the root directory has been defined
. assert !missing("$Persuasion")

. 
. * Initialize log and record system parameters
. clear 

. set more off

. cap mkdir "$Persuasion/scripts/logs"

. cap log close
