-------------------------------------------------------------------------------------------------------------------------------------------
      name:  <unnamed>
       log:  /Users/sokbaelee/Dropbox/Persuasion/JPE/Replication Files/scripts/logs/2022.11.11-08.21.18.log.txt
  log type:  text
 opened on:  11 Nov 2022, 08:21:18

. 
. di "Begin date and time: $S_DATE $S_TIME"
Begin date and time: 11 Nov 2022 08:21:18

. di "Stata version: `c(stata_version)'"
Stata version: 17

. di "Updated as of: `c(born_date)'"
Updated as of: 23 Aug 2022

. di "Variant:       `=cond( c(MP),"MP",cond(c(SE),"SE",c(flavor)) )'"
Variant:       MP

. di "Processors:    `c(processors)'"
Processors:    4

. di "OS:            `c(os)' `c(osdtl)'"
OS:            MacOSX 12.5.1

. di "Machine type:  `c(machine_type)'"
Machine type:  Mac (Apple Silicon)

. 
. * Stata version control
. version 16

. 
. * Create directories for output files
. cap mkdir "$Persuasion/results"

. 
. **********************
. * Run analysis
. **********************
. * TABLE 1. Persuasion Rates: Papers on Voter Turnout
. *do "$Persuasion/scripts/table1.do"
. 
. * Effects of Uncensored Media: Revisiting Chen and Yang (2019)
. *   To generate the dataset "ChenYang2019.dta", it is necessary to run CY19_data.do 
. *   after downloading the original dataset from 
. *   the AER webpage at https://www.aeaweb.org/articles?id=10.1257/aer.20171765
. *   and storing them at "$Persuasion/data/ChenYang2019".
. *   As the dataset is already created and stored at "$Persuasion/data/ChenYang2019", 
. *   the do file is commented below.
. *do "$Persuasion/scripts/CY19_data.do"
. *   TABLE 2. Persuasion Rates of Exposure to Uncensored Internet
. *do "$Persuasion/scripts/table2.do"
. 
. * Effects of Political News: Revisting Gerber, Karlan, and Bergan (2009) 
. *   TABLE 3. Summary Statistics of the GKB Data
. *do "$Persuasion/scripts/table3.do"
. *   TABLE 4. Estimates of the Key Parameters
. *do "$Persuasion/scripts/table4.do"
. 
. *       TABLE D1. Persuasion Rates: Fox News Effects
. *do "$Persuasion/scripts/tableD1.do"
. 
. *       FIGURE D1. Estimates of Marginal and Average Persuasion Rates
. do "$Persuasion/scripts/figureD1.do"

. ************
. * SCRIPT:   figureD1.do
. * PURPOSE:  Creates Figure D1
. *
. * ACKNOWLEDGMENT
. *       The orginal dataset "NTV_Individual_Data.dta" is from Enikolopov, Petrova, and Zhuravskaya (AER, 2011).
. ************
. 
. use "$Persuasion/data/EnikolopovPetrovaZhuravskaya2011/NTV_Individual_Data.dta", clear

. 
. local basic = "logpop98 wage98_ln"

. local sociodem = "male age educ1 married consump"

. 
. local party_list = "Unity OVR"

. 
. *** create outcome variables based on directional treatment ***
. 
. gen y_vote_Unity = 0

. replace y_vote_Unity = 1 if vote_Unity == 0   
(993 real changes made)

. 
. gen y_vote_OVR = 0

. replace y_vote_OVR = 1 if vote_OVR == 1   
(166 real changes made)

. 
. *** predict the exposure rate, that is, e(X,Z) = P(T=1|X,Z) ***
. *** specification: linear in Z and X ***
. 
. probit  Watches_NTV_1999 tvmaxtveloss5050powerA `sociodem' `basic' [pweight=kishweig]

Iteration 0:   log pseudolikelihood = -809.06705  
Iteration 1:   log pseudolikelihood = -741.86673  
Iteration 2:   log pseudolikelihood =  -741.6003  
Iteration 3:   log pseudolikelihood = -741.60028  

Probit regression                                       Number of obs =  1,185
                                                        Wald chi2(8)  = 105.94
                                                        Prob > chi2   = 0.0000
Log pseudolikelihood = -741.60028                       Pseudo R2     = 0.0834

----------------------------------------------------------------------------------------
                       |               Robust
      Watches_NTV_1999 | Coefficient  std. err.      z    P>|z|     [95% conf. interval]
-----------------------+----------------------------------------------------------------
tvmaxtveloss5050powerA |   .0068679   .0011649     5.90   0.000     .0045848    .0091511
                  male |   .2299747   .0893844     2.57   0.010     .0547845    .4051648
                   age |  -.0063456   .0029081    -2.18   0.029    -.0120454   -.0006458
                 educ1 |   .2459444   .1188836     2.07   0.039     .0129369    .4789519
               married |   .0520022   .0908934     0.57   0.567    -.1261455    .2301499
               consump |   .0711412   .0341425     2.08   0.037     .0042231    .1380594
              logpop98 |  -.2162026    .045017    -4.80   0.000    -.3044343    -.127971
             wage98_ln |   .4838216   .1418335     3.41   0.001     .2058331    .7618101
                 _cons |  -2.154867   .9164043    -2.35   0.019    -3.950986   -.3587474
----------------------------------------------------------------------------------------

. predict phat
(option pr assumed; Pr(Watches_NTV_1999))
(4,658 missing values generated)

. 
. ***
. 
. foreach party in `party_list' {
  2. 
.         * generate Y*(1-T)
.     gen notwatch_vote_`party' = 0
  3.         replace notwatch_vote_`party' = 1 if y_vote_`party' == 1 & Watches_NTV_1999==0
  4.         
.         * linear probability model of Y given X and e(X,Z)
.         * specification: linear in X and cubic in e(X,Z), while interacting some of X and e(X,Z)
.         reg y_vote_`party' `sociodem' `basic' ///
>                         c.phat c.phat#c.phat c.phat#c.phat#c.phat ///
>                         c.phat#i.male c.phat#i.educ1 c.phat#i.married c.phat#c.consump ///
>                         [pweight=kishweig]
  5.         
.         margins [pweight=kishweig], dydx(phat) at(phat = (0.1(0.1)0.9))
  6.         
.         matrix num = r(b)
  7.         
.         matrix display num
  8.                         
.         * linear probability model of Y*(1-T) given X and e(X,Z)
.         * specification: linear in X and cubic in e(X,Z), while interacting some of X and e(X,Z)
.         reg notwatch_vote_`party' `sociodem' `basic' ///
>                         c.phat c.phat#c.phat c.phat#c.phat#c.phat ///
>                         c.phat#i.male c.phat#i.educ1 c.phat#i.married c.phat#c.consump ///
>                         [pweight=kishweig]
  9.         
.         margins [pweight=kishweig], dydx(phat) at(phat = (0.1(0.1)0.9))
 10.         
.         matrix den = r(b)
 11.         
.         matrix mte = num/(1+den)
 12.         
.         matrix display mte
 13. 
. }
(313 real changes made)
(sum of wgt is 1,312.04910933971)

Linear regression                               Number of obs     =      1,300
                                                F(14, 1285)       =       4.53
                                                Prob > F          =     0.0000
                                                R-squared         =     0.0509
                                                Root MSE          =     .48808

--------------------------------------------------------------------------------------
                     |               Robust
        y_vote_Unity | Coefficient  std. err.      t    P>|t|     [95% conf. interval]
---------------------+----------------------------------------------------------------
                male |    .149304   .1406904     1.06   0.289     -.126704    .4253121
                 age |   .0073425   .0010419     7.05   0.000     .0052985    .0093865
               educ1 |   .0443527   .1556497     0.28   0.776    -.2610027    .3497081
             married |   .0427503   .1282357     0.33   0.739    -.2088239    .2943246
             consump |  -.0541524   .0546605    -0.99   0.322     -.161386    .0530811
            logpop98 |   .0081303    .016012     0.51   0.612    -.0232822    .0395428
           wage98_ln |  -.1886321   .0685954    -2.75   0.006    -.3232034   -.0540608
                phat |   .6800317   2.321901     0.29   0.770    -3.875101    5.235164
                     |
       c.phat#c.phat |  -1.318131   4.231595    -0.31   0.755    -9.619724    6.983461
                     |
c.phat#c.phat#c.phat |   1.301617       2.42     0.54   0.591    -3.445968    6.049202
                     |
         male#c.phat |
                  1  |   -.287105   .2184207    -1.31   0.189    -.7156052    .1413953
                     |
        educ1#c.phat |
                  1  |   .0188019   .2889296     0.07   0.948    -.5480236    .5856274
                     |
      married#c.phat |
                  1  |  -.0203555   .2087832    -0.10   0.922     -.429949    .3892379
                     |
    c.phat#c.consump |   .0685173   .0795194     0.86   0.389    -.0874848    .2245193
                     |
               _cons |   1.280797   .4929976     2.60   0.009     .3136284    2.247965
--------------------------------------------------------------------------------------

Average marginal effects                                 Number of obs = 1,300
Model VCE: Robust

Expression: Linear prediction, predict()
dy/dx wrt:  phat
1._at: phat = .1
2._at: phat = .2
3._at: phat = .3
4._at: phat = .4
5._at: phat = .5
6._at: phat = .6
7._at: phat = .7
8._at: phat = .8
9._at: phat = .9

------------------------------------------------------------------------------
             |            Delta-method
             |      dy/dx   std. err.      t    P>|t|     [95% conf. interval]
-------------+----------------------------------------------------------------
phat         |
         _at |
          1  |   .4509342    1.64408     0.27   0.784    -2.774441     3.67631
          2  |   .3044534   1.033017     0.29   0.768    -1.722132    2.331039
          3  |   .2360697    .575888     0.41   0.682    -.8937143    1.365854
          4  |   .2457831   .2917689     0.84   0.400    -.3266127    .8181788
          5  |   .3335934    .206473     1.62   0.106    -.0714677    .7386545
          6  |   .4995008   .2138031     2.34   0.020     .0800594    .9189423
          7  |   .7435052   .2498564     2.98   0.003      .253334    1.233676
          8  |   1.065607    .432823     2.46   0.014     .2164894    1.914724
          9  |   1.465805   .8009293     1.83   0.067    -.1054676    3.037078
------------------------------------------------------------------------------
matrix operation not found
r(501);

end of do-file
r(501);

end of do-file

r(501);

. do "/Users/sokbaelee/Dropbox/Persuasion/JPE/Replication Files/scripts/figureD1.do"

. ************
. * SCRIPT:   figureD1.do
. * PURPOSE:  Creates Figure D1
. *
. * ACKNOWLEDGMENT
. *       The orginal dataset "NTV_Individual_Data.dta" is from Enikolopov, Petrova, and Zhuravskaya (AER, 2011).
. ************
. 
. use "$Persuasion/data/EnikolopovPetrovaZhuravskaya2011/NTV_Individual_Data.dta", clear

. 
. local basic = "logpop98 wage98_ln"

. local sociodem = "male age educ1 married consump"

. 
. local party_list = "Unity OVR"

. 
. *** create outcome variables based on directional treatment ***
. 
. gen y_vote_Unity = 0

. replace y_vote_Unity = 1 if vote_Unity == 0   
(993 real changes made)

. 
. gen y_vote_OVR = 0

. replace y_vote_OVR = 1 if vote_OVR == 1   
(166 real changes made)

. 
. *** predict the exposure rate, that is, e(X,Z) = P(T=1|X,Z) ***
. *** specification: linear in Z and X ***
. 
. probit  Watches_NTV_1999 tvmaxtveloss5050powerA `sociodem' `basic' [pweight=kishweig]

Iteration 0:   log pseudolikelihood = -809.06705  
Iteration 1:   log pseudolikelihood = -741.86673  
Iteration 2:   log pseudolikelihood =  -741.6003  
Iteration 3:   log pseudolikelihood = -741.60028  

Probit regression                                       Number of obs =  1,185
                                                        Wald chi2(8)  = 105.94
                                                        Prob > chi2   = 0.0000
Log pseudolikelihood = -741.60028                       Pseudo R2     = 0.0834

----------------------------------------------------------------------------------------
                       |               Robust
      Watches_NTV_1999 | Coefficient  std. err.      z    P>|z|     [95% conf. interval]
-----------------------+----------------------------------------------------------------
tvmaxtveloss5050powerA |   .0068679   .0011649     5.90   0.000     .0045848    .0091511
                  male |   .2299747   .0893844     2.57   0.010     .0547845    .4051648
                   age |  -.0063456   .0029081    -2.18   0.029    -.0120454   -.0006458
                 educ1 |   .2459444   .1188836     2.07   0.039     .0129369    .4789519
               married |   .0520022   .0908934     0.57   0.567    -.1261455    .2301499
               consump |   .0711412   .0341425     2.08   0.037     .0042231    .1380594
              logpop98 |  -.2162026    .045017    -4.80   0.000    -.3044343    -.127971
             wage98_ln |   .4838216   .1418335     3.41   0.001     .2058331    .7618101
                 _cons |  -2.154867   .9164043    -2.35   0.019    -3.950986   -.3587474
----------------------------------------------------------------------------------------

. predict phat
(option pr assumed; Pr(Watches_NTV_1999))
(4,658 missing values generated)

. 
. ***
. 
. foreach party in `party_list' {
  2. 
.         * generate Y*(1-T)
.     gen notwatch_vote_`party' = 0
  3.         replace notwatch_vote_`party' = 1 if y_vote_`party' == 1 & Watches_NTV_1999==0
  4.         
.         * linear probability model of Y given X and e(X,Z)
.         * specification: linear in X and cubic in e(X,Z), while interacting some of X and e(X,Z)
.         reg y_vote_`party' `sociodem' `basic' ///
>                         c.phat c.phat#c.phat c.phat#c.phat#c.phat ///
>                         c.phat#i.male c.phat#i.educ1 c.phat#i.married c.phat#c.consump ///
>                         [pweight=kishweig]
  5.         
.         margins [pweight=kishweig], dydx(phat) at(phat = (0.1(0.1)0.9))
  6.         
.         matrix num = r(b)
  7.         
.         matrix list num
  8.                         
.         * linear probability model of Y*(1-T) given X and e(X,Z)
.         * specification: linear in X and cubic in e(X,Z), while interacting some of X and e(X,Z)
.         reg notwatch_vote_`party' `sociodem' `basic' ///
>                         c.phat c.phat#c.phat c.phat#c.phat#c.phat ///
>                         c.phat#i.male c.phat#i.educ1 c.phat#i.married c.phat#c.consump ///
>                         [pweight=kishweig]
  9.         
.         margins [pweight=kishweig], dydx(phat) at(phat = (0.1(0.1)0.9))
 10.         
.         *matrix den = r(b)
.         
.         *matrix mte = num/(1+den)
.         
.         *matrix display mte
. 
. }
(313 real changes made)
(sum of wgt is 1,312.04910933971)

Linear regression                               Number of obs     =      1,300
                                                F(14, 1285)       =       4.53
                                                Prob > F          =     0.0000
                                                R-squared         =     0.0509
                                                Root MSE          =     .48808

--------------------------------------------------------------------------------------
                     |               Robust
        y_vote_Unity | Coefficient  std. err.      t    P>|t|     [95% conf. interval]
---------------------+----------------------------------------------------------------
                male |    .149304   .1406904     1.06   0.289     -.126704    .4253121
                 age |   .0073425   .0010419     7.05   0.000     .0052985    .0093865
               educ1 |   .0443527   .1556497     0.28   0.776    -.2610027    .3497081
             married |   .0427503   .1282357     0.33   0.739    -.2088239    .2943246
             consump |  -.0541524   .0546605    -0.99   0.322     -.161386    .0530811
            logpop98 |   .0081303    .016012     0.51   0.612    -.0232822    .0395428
           wage98_ln |  -.1886321   .0685954    -2.75   0.006    -.3232034   -.0540608
                phat |   .6800317   2.321901     0.29   0.770    -3.875101    5.235164
                     |
       c.phat#c.phat |  -1.318131   4.231595    -0.31   0.755    -9.619724    6.983461
                     |
c.phat#c.phat#c.phat |   1.301617       2.42     0.54   0.591    -3.445968    6.049202
                     |
         male#c.phat |
                  1  |   -.287105   .2184207    -1.31   0.189    -.7156052    .1413953
                     |
        educ1#c.phat |
                  1  |   .0188019   .2889296     0.07   0.948    -.5480236    .5856274
                     |
      married#c.phat |
                  1  |  -.0203555   .2087832    -0.10   0.922     -.429949    .3892379
                     |
    c.phat#c.consump |   .0685173   .0795194     0.86   0.389    -.0874848    .2245193
                     |
               _cons |   1.280797   .4929976     2.60   0.009     .3136284    2.247965
--------------------------------------------------------------------------------------

Average marginal effects                                 Number of obs = 1,300
Model VCE: Robust

Expression: Linear prediction, predict()
dy/dx wrt:  phat
1._at: phat = .1
2._at: phat = .2
3._at: phat = .3
4._at: phat = .4
5._at: phat = .5
6._at: phat = .6
7._at: phat = .7
8._at: phat = .8
9._at: phat = .9

------------------------------------------------------------------------------
             |            Delta-method
             |      dy/dx   std. err.      t    P>|t|     [95% conf. interval]
-------------+----------------------------------------------------------------
phat         |
         _at |
          1  |   .4509342    1.64408     0.27   0.784    -2.774441     3.67631
          2  |   .3044534   1.033017     0.29   0.768    -1.722132    2.331039
          3  |   .2360697    .575888     0.41   0.682    -.8937143    1.365854
          4  |   .2457831   .2917689     0.84   0.400    -.3266127    .8181788
          5  |   .3335934    .206473     1.62   0.106    -.0714677    .7386545
          6  |   .4995008   .2138031     2.34   0.020     .0800594    .9189423
          7  |   .7435052   .2498564     2.98   0.003      .253334    1.233676
          8  |   1.065607    .432823     2.46   0.014     .2164894    1.914724
          9  |   1.465805   .8009293     1.83   0.067    -.1054676    3.037078
------------------------------------------------------------------------------

num[1,9]
         phat:      phat:      phat:      phat:      phat:      phat:      phat:      phat:      phat:
            1.         2.         3.         4.         5.         6.         7.         8.         9.
          _at        _at        _at        _at        _at        _at        _at        _at        _at
r1  .45093417  .30445343  .23606972  .24578305  .33359341  .49950085  .74350519  1.0656067  1.4658051
(sum of wgt is 1,312.04910933971)

Linear regression                               Number of obs     =      1,300
                                                F(14, 1285)       =       9.28
                                                Prob > F          =     0.0000
                                                R-squared         =     0.0922
                                                Root MSE          =     .37666

--------------------------------------------------------------------------------------
                     |               Robust
 notwatch_vote_Unity | Coefficient  std. err.      t    P>|t|     [95% conf. interval]
---------------------+----------------------------------------------------------------
                male |   .3056864   .1209524     2.53   0.012     .0684005    .5429722
                 age |   .0032591   .0008506     3.83   0.000     .0015904    .0049278
               educ1 |  -.0329437   .1319648    -0.25   0.803    -.2918337    .2259463
             married |    .163816   .1046146     1.57   0.118    -.0414182    .3690502
             consump |    .000419   .0414467     0.01   0.992    -.0808917    .0817297
            logpop98 |  -.0067512    .012688    -0.53   0.595    -.0316426    .0181402
           wage98_ln |  -.0976989   .0544986    -1.79   0.073    -.2046149    .0092171
                phat |  -2.696184   2.012607    -1.34   0.181     -6.64454    1.252171
                     |
       c.phat#c.phat |   3.460552   3.460994     1.00   0.318    -3.329268    10.25037
                     |
c.phat#c.phat#c.phat |  -1.321043   1.901042    -0.69   0.487     -5.05053    2.408444
                     |
         male#c.phat |
                  1  |   -.453252   .1750913    -2.59   0.010    -.7967481   -.1097559
                     |
        educ1#c.phat |
                  1  |   .1111953   .2186491     0.51   0.611    -.3177531    .5401437
                     |
      married#c.phat |
                  1  |  -.2546726   .1562767    -1.63   0.103    -.5612581    .0519129
                     |
    c.phat#c.consump |  -.0111895   .0557094    -0.20   0.841    -.1204809    .0981019
                     |
               _cons |   1.392139   .4268083     3.26   0.001     .5548214    2.229457
--------------------------------------------------------------------------------------

Average marginal effects                                 Number of obs = 1,300
Model VCE: Robust

Expression: Linear prediction, predict()
dy/dx wrt:  phat
1._at: phat = .1
2._at: phat = .2
3._at: phat = .3
4._at: phat = .4
5._at: phat = .5
6._at: phat = .6
7._at: phat = .7
8._at: phat = .8
9._at: phat = .9

------------------------------------------------------------------------------
             |            Delta-method
             |      dy/dx   std. err.      t    P>|t|     [95% conf. interval]
-------------+----------------------------------------------------------------
phat         |
         _at |
          1  |  -2.313647   1.440219    -1.61   0.108    -5.139086    .5117926
          2  |   -1.74043    .932353    -1.87   0.062    -3.569531    .0886711
          3  |  -1.246476   .5429836    -2.30   0.022    -2.311708   -.1812444
          4  |  -.8317847   .2810945    -2.96   0.003    -1.383239   -.2803302
          5  |  -.4963559   .1674136    -2.96   0.003    -.8247899   -.1679219
          6  |  -.2401897   .1616449    -1.49   0.138    -.5573065    .0769272
          7  |  -.0632861   .1887832    -0.34   0.738    -.4336433    .3070711
          8  |   .0343549   .3113499     0.11   0.912     -.576455    .6451649
          9  |   .0527334   .5731237     0.09   0.927    -1.071627    1.177094
------------------------------------------------------------------------------
(30 real changes made)
(sum of wgt is 1,312.04910933971)

Linear regression                               Number of obs     =      1,300
                                                F(14, 1285)       =       1.26
                                                Prob > F          =     0.2253
                                                R-squared         =     0.0187
                                                Root MSE          =     .25101

--------------------------------------------------------------------------------------
                     |               Robust
          y_vote_OVR | Coefficient  std. err.      t    P>|t|     [95% conf. interval]
---------------------+----------------------------------------------------------------
                male |   .0183008    .066833     0.27   0.784     -.112813    .1494147
                 age |   .0011722   .0006832     1.72   0.086    -.0001681    .0025124
               educ1 |   .1296809   .0912253     1.42   0.155    -.0492859    .3086478
             married |  -.0062897   .0653318    -0.10   0.923    -.1344585     .121879
             consump |   .0346076   .0301687     1.15   0.252    -.0245777     .093793
            logpop98 |   .0009691   .0088837     0.11   0.913     -.016459    .0183972
           wage98_ln |  -.0576682   .0393299    -1.47   0.143    -.1348262    .0194897
                phat |   -.786969   1.141059    -0.69   0.491    -3.025512    1.451574
                     |
       c.phat#c.phat |   1.947991   2.238544     0.87   0.384    -2.443611    6.339592
                     |
c.phat#c.phat#c.phat |  -.8917177   1.307047    -0.68   0.495    -3.455898    1.672463
                     |
         male#c.phat |
                  1  |  -.1050565    .105574    -1.00   0.320    -.3121728    .1020599
                     |
        educ1#c.phat |
                  1  |  -.2643543   .1757506    -1.50   0.133     -.609144    .0804354
                     |
      married#c.phat |
                  1  |   .0235108    .101686     0.23   0.817     -.175978    .2229997
                     |
    c.phat#c.consump |  -.0562347   .0420405    -1.34   0.181    -.1387102    .0262408
                     |
               _cons |   .4185726   .2196983     1.91   0.057    -.0124342    .8495793
--------------------------------------------------------------------------------------

Average marginal effects                                 Number of obs = 1,300
Model VCE: Robust

Expression: Linear prediction, predict()
dy/dx wrt:  phat
1._at: phat = .1
2._at: phat = .2
3._at: phat = .3
4._at: phat = .4
5._at: phat = .5
6._at: phat = .6
7._at: phat = .7
8._at: phat = .8
9._at: phat = .9

------------------------------------------------------------------------------
             |            Delta-method
             |      dy/dx   std. err.      t    P>|t|     [95% conf. interval]
-------------+----------------------------------------------------------------
phat         |
         _at |
          1  |  -.7414015   .8101476    -0.92   0.360    -2.330759    .8479556
          2  |  -.4320579   .4901031    -0.88   0.378    -1.393548    .5294322
          3  |  -.1762174    .257084    -0.69   0.493    -.6805679     .328133
          4  |     .02612   .1326946     0.20   0.844    -.2342019    .2864419
          5  |   .1749543   .1234679     1.42   0.157    -.0672665    .4171751
          6  |   .2702857   .1280573     2.11   0.035     .0190613      .52151
          7  |   .3121139   .1239712     2.52   0.012     .0689057     .555322
          8  |   .3004391   .2082155     1.44   0.149    -.1080405    .7089186
          9  |   .2352612   .4104299     0.57   0.567     -.569925    1.040447
------------------------------------------------------------------------------

num[1,9]
          phat:       phat:       phat:       phat:       phat:       phat:       phat:       phat:       phat:
             1.          2.          3.          4.          5.          6.          7.          8.          9.
           _at         _at         _at         _at         _at         _at         _at         _at         _at
r1  -.74140149  -.43205793  -.17621742   .02611999   .17495435   .27028567    .3121139   .30043907   .23526122
(sum of wgt is 1,312.04910933971)

Linear regression                               Number of obs     =      1,300
                                                F(14, 1285)       =       1.79
                                                Prob > F          =     0.0351
                                                R-squared         =     0.0145
                                                Root MSE          =     .14511

--------------------------------------------------------------------------------------
                     |               Robust
   notwatch_vote_OVR | Coefficient  std. err.      t    P>|t|     [95% conf. interval]
---------------------+----------------------------------------------------------------
                male |  -.0559384   .0452919    -1.24   0.217    -.1447926    .0329158
                 age |   .0000509   .0004101     0.12   0.901    -.0007537    .0008555
               educ1 |    .014264   .0592482     0.24   0.810    -.1019699    .1304979
             married |    .017866   .0465537     0.38   0.701    -.0734637    .1091956
             consump |  -.0087016   .0093818    -0.93   0.354     -.027107    .0097037
            logpop98 |   .0084173   .0049737     1.69   0.091    -.0013402    .0181748
           wage98_ln |  -.0400286   .0195089    -2.05   0.040    -.0783014   -.0017558
                phat |   .9585553   .6024929     1.59   0.112    -.2234224    2.140533
                     |
       c.phat#c.phat |  -1.756315   1.144537    -1.53   0.125    -4.001681    .4890502
                     |
c.phat#c.phat#c.phat |    1.02078   .6674226     1.53   0.126    -.2885778    2.330137
                     |
         male#c.phat |
                  1  |   .0651586   .0626461     1.04   0.298    -.0577411    .1880584
                     |
        educ1#c.phat |
                  1  |   -.044146   .0956184    -0.46   0.644    -.2317312    .1434392
                     |
      married#c.phat |
                  1  |  -.0190935   .0629189    -0.30   0.762    -.1425284    .1043415
                     |
    c.phat#c.consump |   .0069833    .012169     0.57   0.566      -.01689    .0308566
                     |
               _cons |   .0998191   .1064235     0.94   0.348    -.1089637    .3086019
--------------------------------------------------------------------------------------

Average marginal effects                                 Number of obs = 1,300
Model VCE: Robust

Expression: Linear prediction, predict()
dy/dx wrt:  phat
1._at: phat = .1
2._at: phat = .2
3._at: phat = .3
4._at: phat = .4
5._at: phat = .5
6._at: phat = .6
7._at: phat = .7
8._at: phat = .8
9._at: phat = .9

------------------------------------------------------------------------------
             |            Delta-method
             |      dy/dx   std. err.      t    P>|t|     [95% conf. interval]
-------------+----------------------------------------------------------------
phat         |
         _at |
          1  |   .6263351    .419238     1.49   0.135     -.196131    1.448801
          2  |   .3669422   .2560942     1.43   0.152    -.1354665    .8693509
          3  |   .1687961   .1373065     1.23   0.219    -.1005734    .4381656
          4  |   .0318968   .0719004     0.44   0.657    -.1091583    .1729518
          5  |  -.0437557   .0613066    -0.71   0.476    -.1640278    .0765163
          6  |  -.0581615   .0588714    -0.99   0.323     -.173656     .057333
          7  |  -.0113205    .052533    -0.22   0.829    -.1143803    .0917393
          8  |   .0967673   .0986405     0.98   0.327    -.0967468    .2902815
          9  |   .2661019   .2051539     1.30   0.195    -.1363715    .6685752
------------------------------------------------------------------------------

. 
. 
end of do-file

. do "/Users/sokbaelee/Dropbox/Persuasion/JPE/Replication Files/run.do"

. **********************
. * OVERVIEW
. *   This script generates selected tables for the paper:
. *       "IDENTIFYING THE EFFECT OF PERSUASION" (Sung Jae Jun and Sokbae Lee)
. *   All data are stored in /data
. *   All tables are outputted to /results
. * 
. * SOFTWARE REQUIREMENTS
. *   Stata version 17 or newer
. *
. * PACKAGE REQUIREMENTS
. *   persuasio (can be installed by ssc install persuasio, replace)
. *   outreg (can be installed by ssc install outreg, replace)
. *
. * TO PERFORM A CLEAN RUN, DELETE THE FOLLOWING FOLDER:
. *   $Persuasion/results
. *
. * ACKNOWLEDGMENT
. *       The structure of the replication files is forked from 
. *   Illinois Workplace Wellness Study: Public Use Data Repository
. *   at https://github.com/reifjulian/illinois-wellness-data
. **********************
. 
. **********************
. * Parameters defined by user
. **********************
. 
. * "Persuasion" points to the root directory, which contains the subfolders "data" and "scripts"
. global Persuasion "/Users/sokbaelee/Dropbox/Persuasion/JPE/Replication Files"

. 
. * Number of bootstraps for Table 2
. * The published paper used nbt = 10000. Runtime is approximately 3 hours on an iMac (M1, 2021).
. * Use nbt = 10 to check whether replication code runs without an error. 
. global nbt = 10000

. 
. * set seed for replicability 
. set seed 987975 

. 
. **********************
. **********************
. 
. * Confirm that the global for the root directory has been defined
. assert !missing("$Persuasion")

. 
. * Initialize log and record system parameters
. clear 

. set more off

. cap mkdir "$Persuasion/scripts/logs"

. cap log close
