--------------------------------------------------------------------------------------------------------------------------
      name:  <unnamed>
       log:  /Users/sokbaelee/Dropbox/Persuasion/JPE/Replication Files/scripts/logs/2022.11.02-17.01.18.log.txt
  log type:  text
 opened on:   2 Nov 2022, 17:01:18

. 
. di "Begin date and time: $S_DATE $S_TIME"
Begin date and time:  2 Nov 2022 17:01:18

. di "Stata version: `c(stata_version)'"
Stata version: 17

. di "Updated as of: `c(born_date)'"
Updated as of: 23 Aug 2022

. di "Variant:       `=cond( c(MP),"MP",cond(c(SE),"SE",c(flavor)) )'"
Variant:       MP

. di "Processors:    `c(processors)'"
Processors:    4

. di "OS:            `c(os)' `c(osdtl)'"
OS:            MacOSX 12.5.1

. di "Machine type:  `c(machine_type)'"
Machine type:  Mac (Apple Silicon)

. 
. * Stata version control
. version 17

. 
. * Create directories for output files
. cap mkdir "$Persuasion/results"

. 
. **********************
. * Run analysis
. **********************
. * Figures
. *   Figure 2: Employee Participation Rates in the iThrive Workplace Wellness Program
. *   Figure 3: Pre-Intervention Medical Spending among Treatment Group, by Participation Status
. *   Figures 5a-5c: Post-Intervention Medical Spending by Treatment Status
. do "$Persuasion/scripts/1_make_figures.do"
file /Users/sokbaelee/Dropbox/Persuasion/JPE/Replication Files/scripts/1_make_figures.do not found
r(601);

end of do-file

r(601);

. do "/Users/sokbaelee/Dropbox/Persuasion/JPE/Replication Files/run.do"

. **********************
. * OVERVIEW
. *   This script generates selected tables for the paper:
. *       "IDENTIFYING THE EFFECT OF PERSUASION" (Sung Jae Jun and Sokbae Lee)
. *   All data are stored in /data
. *   All tables are outputted to /results
. * 
. * SOFTWARE REQUIREMENTS
. *   Stata version 17 or newer
. *
. * TO PERFORM A CLEAN RUN, DELETE THE FOLLOWING FOLDER:
. *   $Persuasion/results
. *
. * ACKNOWLEDGMENT
. *       The structure of the replication files is forked from 
. *   Illinois Workplace Wellness Study: Public Use Data Repository
. *   at https://github.com/reifjulian/illinois-wellness-data
. **********************
. 
. **********************
. * Parameters defined by user
. **********************
. 
. * "Persuasion" points to the root directory, which contains the subfolders "data" and "scripts"
. global Persuasion "/Users/sokbaelee/Dropbox/Persuasion/JPE/Replication Files"

. 
. * Number of bootstraps for Table 2
. * The published paper used nboot = 1000. Runtime is approximately ??? hours on a Windows 10 Desktop with Stata MP-6 and 
> an i7-8700 CPU 3.20 GHz processor
. * Use smaller value to run replication code faster. Runtime is approximately 1 minute with nboot = 2.
. global nboot = 10

. 
. **********************
. **********************
. 
. * Confirm that the global for the root directory has been defined
. assert !missing("$Persuasion")

. 
. * Initialize log and record system parameters
. clear 

. set more off

. cap mkdir "$Persuasion/scripts/logs"

. cap log close
